Dockyard · blue_green demo · 2026-10-04T14:57:00Z

== Starting new version

== Health check

== Switching traffic

== Draining old version

== Finished: succeeded
Dockyard · blue_green demo · 2026-10-04T14:57:00Z

== Starting new version

== Health check

== Finished: failed · CANDIDATE_UNHEALTHY
Dockyard · blue_green demo · 2026-10-04T14:57:00Z

== Starting new version

== Health check

== Switching traffic

== Finished: failed · CADDY_RELOAD_REJECTED
Dockyard · blue_green demo · 2026-10-04T14:57:00Z

== Starting new version

== Health check

== Switching traffic

== Finished: recovery_required · ROUTE_OUTCOME_UNKNOWN
Dockyard · blue_green demo · 2026-10-04T14:57:00Z

== Starting new version

== Health check

== Switching traffic

== Draining old version

== rollback_route_intent

== Finished: failed · BLUE_GREEN_HEALTH_FAILED_ROLLED_BACK
Dockyard · deploy demo · 2026-10-04T14:57:00Z

== Pulling images

== Maintenance

== Draining old version

== Starting new version

== Health check

== Switching traffic

== Finished: succeeded
Dockyard · deploy demo · 2026-10-04T14:57:00Z

== Pulling images

== Maintenance

== Draining old version

== Starting new version

== Health check

== Switching traffic

== Finished: succeeded
Dockyard · deploy demo · 2026-10-04T14:57:00Z

== Pulling images

== Starting new version

== Finished: failed · CONTAINER_START_FAILED
Dockyard · deploy demo · 2026-10-04T14:57:00Z

== Pulling images

== Starting new version

== Health check

== Finished: failed · CANDIDATE_UNHEALTHY
Dockyard · deploy demo · 2026-10-04T14:57:00Z

== Pulling images

== Starting new version

== Health check

== Switching traffic

== Draining old version

== Finished: succeeded
Dockyard · deploy demo · 2026-10-04T14:57:01Z

== Pulling images

== Starting new version

== Health check

== Switching traffic

== Draining old version

== Finished: succeeded
Dockyard · deploy demo · 2026-10-04T14:57:03Z

== Pulling images

== Starting new version

== Health check

== Switching traffic

== Finished: recovery_required · ROUTE_OUTCOME_UNKNOWN
Dockyard · deploy demo · 2026-10-04T14:57:03Z

== Pulling images

== Maintenance

== Draining old version

== Starting new version

== Health check

== Finished: failed · CANDIDATE_UNHEALTHY
Dockyard · deploy demo · 2026-10-04T14:57:04Z

== Pulling images

== Starting new version

== Health check

== Switching traffic

== Finished: recovery_required · ROUTE_OUTCOME_UNKNOWN
Dockyard · route_setup demo · 2026-10-04T14:57:04Z

== Switching traffic

== Finished: succeeded
Dockyard · route_setup demo · 2026-10-04T14:57:04Z

== Switching traffic

== Finished: succeeded
Dockyard · route_setup demo · 2026-10-04T14:57:04Z

== Finished: failed · ROUTE_REVIEW_CHANGED
Dockyard · route_setup demo · 2026-10-04T14:57:04Z

== Finished: failed · ROUTE_REVIEW_CHANGED
Dockyard · route_setup demo · 2026-10-04T14:57:04Z

== Switching traffic

== Finished: recovery_required · ROUTE_OUTCOME_UNKNOWN
Dockyard · service_update demo · 2026-10-04T14:57:04Z

== Pulling images

== service_candidate_intent

== service_readiness

== service_network_intent

== service_route_intent

== Draining old version

== service_retire_intent

== Finished: succeeded
Dockyard · service_update demo · 2026-10-04T14:57:04Z

== Pulling images

== service_candidate_intent

== service_readiness

== Finished: failed · SERVICE_UNHEALTHY
Dockyard · service_update demo · 2026-10-04T14:57:04Z

== Pulling images

== service_candidate_intent

== service_readiness

== service_network_intent

== Finished: failed · SERVICE_UNHEALTHY
Dockyard · service_update demo · 2026-10-04T14:57:05Z

== Pulling images

== service_candidate_intent

== service_readiness

== service_network_intent

== service_route_intent

== Finished: failed · CADDY_RELOAD_REJECTED
Dockyard · service_update demo · 2026-10-04T14:57:05Z

== Pulling images

== service_candidate_intent

== service_readiness

== service_network_intent

== service_route_intent

== Finished: recovery_required · ROUTE_OUTCOME_UNKNOWN
Dockyard · service_update demo · 2026-10-04T14:57:05Z

== Pulling images

== service_candidate_intent

== service_readiness

== service_network_intent

== service_route_intent

== Draining old version

== service_rollback_intent

== Finished: failed · SERVICE_UNHEALTHY_ROLLED_BACK
Dockyard · service_update demo · 2026-10-04T14:57:05Z

== Pulling images

== service_candidate_intent

== service_readiness

== service_network_intent

== service_route_intent

== Draining old version

== service_retire_intent

== Finished: recovery_required · SERVICE_DRAIN_RECOVERY_REQUIRED
Dockyard · service_update demo · 2026-10-04T14:57:05Z

== Pulling images

== Finished: succeeded
Dockyard · service_update demo · 2026-10-04T14:57:05Z

== Finished: failed · SERVICE_REVIEW_CHANGED
Dockyard · service_update demo · 2026-10-04T14:57:05Z

== Pulling images

== service_candidate_intent

== service_readiness

== Finished: succeeded
Dockyard · service_update demo · 2026-10-04T14:57:05Z

== Pulling images

== service_candidate_intent

== service_readiness

== Finished: recovery_required · SERVICE_UPDATE_RECOVERY_REQUIRED
Dockyard · service_update demo · 2026-10-04T14:57:05Z

== Pulling images

== service_candidate_intent

== service_readiness

== service_network_intent

== service_route_intent

== Draining old version

== service_retire_intent

== Finished: succeeded
Dockyard · service_update demo · 2026-10-04T14:57:05Z

== Pulling images

== service_candidate_intent

== service_readiness

== Finished: succeeded
Dockyard · blue_green demo · 2026-10-04T14:57:20Z

== Starting new version

== Health check

== Switching traffic

== Draining old version

== Finished: succeeded
Dockyard · blue_green demo · 2026-10-04T14:57:20Z

== Starting new version

== Health check

== Finished: failed · CANDIDATE_UNHEALTHY
Dockyard · blue_green demo · 2026-10-04T14:57:20Z

== Starting new version

== Health check

== Switching traffic

== Finished: failed · CADDY_RELOAD_REJECTED
Dockyard · blue_green demo · 2026-10-04T14:57:20Z

== Starting new version

== Health check

== Switching traffic

== Finished: recovery_required · ROUTE_OUTCOME_UNKNOWN
Dockyard · blue_green demo · 2026-10-04T14:57:20Z

== Starting new version

== Health check

== Switching traffic

== Draining old version

== rollback_route_intent

== Finished: failed · BLUE_GREEN_HEALTH_FAILED_ROLLED_BACK
Dockyard · deploy demo · 2026-10-04T14:57:20Z

== Pulling images

== Maintenance

== Draining old version

== Starting new version

== Health check

== Switching traffic

== Finished: succeeded
Dockyard · deploy demo · 2026-10-04T14:57:20Z

== Pulling images

== Maintenance

== Draining old version

== Starting new version

== Health check

== Switching traffic

== Finished: succeeded
Dockyard · deploy demo · 2026-10-04T14:57:21Z

== Pulling images

== Starting new version

== Finished: failed · CONTAINER_START_FAILED
Dockyard · deploy demo · 2026-10-04T14:57:21Z

== Pulling images

== Starting new version

== Health check

== Finished: failed · CANDIDATE_UNHEALTHY
Dockyard · deploy demo · 2026-10-04T14:57:21Z

== Pulling images

== Starting new version

== Health check

== Switching traffic

== Draining old version

== Finished: succeeded
Dockyard · deploy demo · 2026-10-04T14:57:22Z

== Pulling images

== Starting new version

== Health check

== Switching traffic

== Draining old version

== Finished: succeeded
Dockyard · deploy demo · 2026-10-04T14:57:23Z

== Pulling images

== Starting new version

== Health check

== Switching traffic

== Finished: recovery_required · ROUTE_OUTCOME_UNKNOWN
Dockyard · deploy demo · 2026-10-04T14:57:23Z

== Pulling images

== Maintenance

== Draining old version

== Starting new version

== Health check

== Finished: failed · CANDIDATE_UNHEALTHY
Dockyard · deploy demo · 2026-10-04T14:57:24Z

== Pulling images

== Starting new version

== Health check

== Switching traffic

== Finished: recovery_required · ROUTE_OUTCOME_UNKNOWN
Dockyard · route_setup demo · 2026-10-04T14:57:24Z

== Switching traffic

== Finished: succeeded
Dockyard · route_setup demo · 2026-10-04T14:57:24Z

== Switching traffic

== Finished: succeeded
Dockyard · route_setup demo · 2026-10-04T14:57:24Z

== Finished: failed · ROUTE_REVIEW_CHANGED
Dockyard · route_setup demo · 2026-10-04T14:57:24Z

== Finished: failed · ROUTE_REVIEW_CHANGED
Dockyard · route_setup demo · 2026-10-04T14:57:25Z

== Switching traffic

== Finished: recovery_required · ROUTE_OUTCOME_UNKNOWN
Dockyard · service_update demo · 2026-10-04T14:57:25Z

== Pulling images

== service_candidate_intent

== service_readiness

== service_network_intent

== service_route_intent

== Draining old version

== service_retire_intent

== Finished: succeeded
Dockyard · service_update demo · 2026-10-04T14:57:25Z

== Pulling images

== service_candidate_intent

== service_readiness

== Finished: failed · SERVICE_UNHEALTHY
Dockyard · service_update demo · 2026-10-04T14:57:25Z

== Pulling images

== service_candidate_intent

== service_readiness

== service_network_intent

== Finished: failed · SERVICE_UNHEALTHY
Dockyard · service_update demo · 2026-10-04T14:57:25Z

== Pulling images

== service_candidate_intent

== service_readiness

== service_network_intent

== service_route_intent

== Finished: failed · CADDY_RELOAD_REJECTED
Dockyard · service_update demo · 2026-10-04T14:57:25Z

== Pulling images

== service_candidate_intent

== service_readiness

== service_network_intent

== service_route_intent

== Finished: recovery_required · ROUTE_OUTCOME_UNKNOWN
Dockyard · service_update demo · 2026-10-04T14:57:25Z

== Pulling images

== service_candidate_intent

== service_readiness

== service_network_intent

== service_route_intent

== Draining old version

== service_rollback_intent

== Finished: failed · SERVICE_UNHEALTHY_ROLLED_BACK
Dockyard · service_update demo · 2026-10-04T14:57:25Z

== Pulling images

== service_candidate_intent

== service_readiness

== service_network_intent

== service_route_intent

== Draining old version

== service_retire_intent

== Finished: recovery_required · SERVICE_DRAIN_RECOVERY_REQUIRED
Dockyard · service_update demo · 2026-10-04T14:57:25Z

== Pulling images

== Finished: succeeded
Dockyard · service_update demo · 2026-10-04T14:57:25Z

== Finished: failed · SERVICE_REVIEW_CHANGED
Dockyard · service_update demo · 2026-10-04T14:57:25Z

== Pulling images

== service_candidate_intent

== service_readiness

== Finished: succeeded
Dockyard · service_update demo · 2026-10-04T14:57:25Z

== Pulling images

== service_candidate_intent

== service_readiness

== Finished: recovery_required · SERVICE_UPDATE_RECOVERY_REQUIRED
Dockyard · service_update demo · 2026-10-04T14:57:25Z

== Pulling images

== service_candidate_intent

== service_readiness

== service_network_intent

== service_route_intent

== Draining old version

== service_retire_intent

== Finished: succeeded
Dockyard · service_update demo · 2026-10-04T14:57:25Z

== Pulling images

== service_candidate_intent

== service_readiness

== Finished: succeeded
